---
source: src/interface/tui/markdown.rs
expression: render_to_plain(md)
---
┌─ rust ─────────────────────────────────────┐
│1│ fn main() {                              │
│2│     println!("hello");                   │
│3│ }                                        │
└─┴──────────────────────────────────────────┘
